<PoPs name="test" version="1.2.3" format="0.1">
  <aliases>
    <metaStable id="Am242_m1" pid="Am242_e2" metaStableIndex="1"/>
    <alias id="electron" pid="e-"/>
    <alias id="e+" pid="e-_anti"/>
    <alias id="positron" pid="e-_anti"/></aliases>
  <gaugeBosons>
    <gaugeBoson id="photon">
      <mass>
        <double label="base" value="0." unit="amu"/></mass>
      <spin>
        <fraction label="base" value="1" unit="hbar"/></spin>
      <parity>
        <integer label="base" value="1"/></parity>
      <charge>
        <integer label="base" value="0" unit="e"/></charge>
      <halflife>
        <string label="base" value="stable" unit="s"/></halflife></gaugeBoson></gaugeBosons>
  <leptons>
    <lepton id="e-" generation="electronic">
      <mass>
        <double label="base" value="5.4857990907e-4" unit="amu"/></mass>
      <spin>
        <fraction label="base" value="1/2" unit="hbar"/></spin>
      <parity>
        <integer label="base" value="1"/></parity>
      <charge>
        <integer label="base" value="-1" unit="e"/></charge>
      <halflife>
        <string label="base" value="stable" unit="s"/></halflife></lepton>
    <lepton id="e-_anti" generation="electronic">
      <mass>
        <double label="base" value="5.4857990907e-4" unit="amu"/></mass>
      <spin>
        <fraction label="base" value="1/2" unit="hbar"/></spin>
      <parity>
        <integer label="base" value="-1"/></parity>
      <charge>
        <integer label="base" value="1" unit="e"/></charge>
      <halflife>
        <string label="base" value="stable" unit="s"/></halflife></lepton>
    <lepton id="mu" generation="muonic">
      <mass>
        <double label="base" value="0.1134289267" unit="amu"/></mass>
      <spin>
        <fraction label="base" value="1/2" unit="hbar"/></spin>
      <parity>
        <integer label="base" value="1"/></parity>
      <charge>
        <integer label="base" value="-1" unit="e"/></charge>
      <halflife>
        <double label="base" value="2.1969811e-6" unit="s"/></halflife></lepton></leptons>
  <baryons>
    <baryon id="n">
      <mass>
        <double label="base" value="1.00866491588" unit="amu"/></mass>
      <spin>
        <fraction label="base" value="1/2" unit="hbar"/></spin>
      <parity>
        <integer label="base" value="1"/></parity>
      <charge>
        <integer label="base" value="0" unit="e"/></charge>
      <halflife>
        <double label="base" value="881.5" unit="s"/></halflife></baryon>
    <baryon id="n_anti">
      <mass>
        <double label="base" value="1.00866491588" unit="amu"/></mass>
      <spin>
        <fraction label="base" value="1/2" unit="hbar"/></spin>
      <parity>
        <integer label="base" value="1"/></parity>
      <charge>
        <integer label="base" value="0" unit="e"/></charge>
      <halflife>
        <double label="base" value="881.5" unit="s"/></halflife></baryon>
    <baryon id="p">
      <mass>
        <double label="base" value="1.00727646681" unit="amu"/></mass>
      <spin>
        <fraction label="base" value="1/2" unit="hbar"/></spin>
      <parity>
        <integer label="base" value="1"/></parity>
      <charge>
        <integer label="base" value="1" unit="e"/></charge>
      <halflife>
        <string label="base" value="stable" unit="s"/></halflife></baryon>
    <baryon id="p_anti">
      <mass>
        <double label="base" value="1.00727646681" unit="amu"/></mass>
      <spin>
        <fraction label="base" value="1/2" unit="hbar"/></spin>
      <parity>
        <integer label="base" value="1"/></parity>
      <charge>
        <integer label="base" value="1" unit="e"/></charge>
      <halflife>
        <string label="base" value="stable" unit="s"/></halflife></baryon></baryons>
  <chemicalElements>
    <chemicalElement symbol="O" Z="8" name="Oxygen">
      <isotopes>
        <isotope symbol="O16" A="16">
          <nuclides>
            <nuclide id="O16">
              <mass>
                <double label="base" value="15.9949146196" unit="amu"/></mass>
              <nucleus id="o16" index="0">
                <energy>
                  <double label="base" value="0." unit="keV"/></energy></nucleus></nuclide>
            <nuclide id="O16_e1">
              <nucleus id="o16_e1" index="1">
                <energy>
                  <double label="base" value="6049.4" unit="keV"/></energy></nucleus></nuclide>
            <nuclide id="O16_e2">
              <nucleus id="o16_e2" index="2">
                <energy>
                  <double label="base" value="6129.893" unit="keV"/></energy></nucleus></nuclide>
            <nuclide id="O16_e3">
              <nucleus id="o16_e3" index="3">
                <energy>
                  <double label="base" value="6917.1" unit="keV"/></energy></nucleus></nuclide></nuclides></isotope>
        <isotope symbol="O17" A="17">
          <nuclides>
            <nuclide id="O17">
              <mass>
                <double label="base" value="15.9949146196" unit="amu"/></mass>
              <nucleus id="o17" index="0">
                <energy>
                  <double label="base" value="0." unit="keV"/></energy></nucleus></nuclide>
            <nuclide id="O17_e1">
              <nucleus id="o17_e1" index="1">
                <energy>
                  <double label="base" value="6049.4" unit="keV"/></energy></nucleus></nuclide>
            <nuclide id="O17_e2">
              <nucleus id="o17_e2" index="2">
                <energy>
                  <double label="base" value="6129.893" unit="keV"/></energy></nucleus></nuclide>
            <nuclide id="O17_e3">
              <nucleus id="o17_e3" index="3">
                <energy>
                  <double label="base" value="6917.1" unit="keV"/></energy></nucleus></nuclide></nuclides></isotope></isotopes></chemicalElement>
    <chemicalElement symbol="Am" Z="95" name="Americium">
      <isotopes>
        <isotope symbol="Am242" A="242">
          <nuclides>
            <nuclide id="Am242">
              <mass>
                <double label="base" value="242.059549159" unit="amu"/></mass>
              <spin>
                <fraction label="base" value="1" unit="hbar"/></spin>
              <parity>
                <integer label="base" value="-1"/></parity>
              <halflife>
                <double label="base" value="16.02" unit="h"/></halflife>
              <nucleus id="am242" index="0">
                <energy>
                  <double label="base" value="0." unit="keV"/></energy></nucleus></nuclide>
            <nuclide id="Am242_e1">
              <spin>
                <fraction label="base" value="0" unit="hbar"/></spin>
              <parity>
                <integer label="base" value="-1"/></parity>
              <nucleus id="am242_e1" index="1">
                <energy>
                  <double label="base" value="44.092" unit="keV"/></energy></nucleus></nuclide>
            <nuclide id="Am242_e2">
              <spin>
                <fraction label="base" value="5" unit="hbar"/></spin>
              <parity>
                <integer label="base" value="-1"/></parity>
              <halflife>
                <double label="base" value="141." unit="yr"/></halflife>
              <nucleus id="am242_e2" index="2">
                <energy>
                  <double label="base" value="48.6" unit="keV"/></energy></nucleus></nuclide>
            <nuclide id="Am242_e3">
              <spin>
                <fraction label="base" value="3" unit="hbar"/></spin>
              <parity>
                <integer label="base" value="-1"/></parity>
              <nucleus id="am242_e3" index="3">
                <energy>
                  <double label="base" value="52.7" unit="keV"/></energy></nucleus></nuclide></nuclides></isotope></isotopes></chemicalElement></chemicalElements></PoPs>
<PoPs name="test" version="1.2.3" format="0.1">
  <gaugeBosons>
    <gaugeBoson id="photon"></gaugeBoson></gaugeBosons>
  <leptons>
    <lepton id="e-" generation="electronic"></lepton>
    <lepton id="mu-_anti" generation="muonic"></lepton></leptons>
  <baryons>
    <baryon id="n_anti"></baryon>
    <baryon id="p"></baryon></baryons>
  <chemicalElements>
    <chemicalElement symbol="N" Z="7" name="Nitrogen">
      <isotopes>
        <isotope symbol="N15" A="15">
          <nuclides>
            <nuclide id="N15_e5">
              <nucleus id="n15_e5" index="5"></nucleus></nuclide>
            <nuclide id="N15_e7">
              <nucleus id="n15_e7" index="7"></nucleus></nuclide></nuclides></isotope></isotopes></chemicalElement>
    <chemicalElement symbol="O" Z="8" name="Oxygen">
      <isotopes>
        <isotope symbol="O16" A="16">
          <nuclides>
            <nuclide id="O16_e12">
              <nucleus id="o16_e12" index="12"></nucleus></nuclide></nuclides></isotope></isotopes></chemicalElement>
    <chemicalElement symbol="Pu" Z="94" name="Plutonium">
      <isotopes>
        <isotope symbol="Pu237" A="237"></isotope>
        <isotope symbol="Pu238" A="238">
          <nuclides>
            <nuclide id="Pu238">
              <nucleus id="pu238" index="0"></nucleus></nuclide>
            <nuclide id="Pu238_e2">
              <nucleus id="pu238_e2" index="2"></nucleus></nuclide></nuclides></isotope>
        <isotope symbol="Pu239" A="239">
          <nuclides>
            <nuclide id="Pu239_e4">
              <nucleus id="pu239_e4" index="4"></nucleus></nuclide></nuclides></isotope></isotopes></chemicalElement></chemicalElements></PoPs>
<PoPs name="test" version="1.2.3" format="0.1">
  <aliases>
    <metaStable id="Am242_m1" pid="Am242_e2" metaStableIndex="1"/>
    <alias id="electron" pid="e-"/>
    <alias id="e+" pid="e-_anti"/>
    <alias id="positron" pid="e-_anti"/>
    <alias id="d" pid="h2"/>
    <alias id="t" pid="h3"/></aliases>
  <gaugeBosons>
    <gaugeBoson id="photon">
      <mass>
        <double label="base" value="0." unit="amu"/></mass>
      <spin>
        <fraction label="base" value="1" unit="hbar"/></spin>
      <parity>
        <integer label="base" value="1"/></parity>
      <charge>
        <integer label="base" value="0" unit="e"/></charge>
      <halflife>
        <string label="base" value="stable" unit="s"/></halflife></gaugeBoson></gaugeBosons>
  <leptons>
    <lepton id="e-" generation="electronic">
      <mass>
        <double label="base" value="5.4857990907e-4" unit="amu"/></mass>
      <spin>
        <fraction label="base" value="1/2" unit="hbar"/></spin>
      <parity>
        <integer label="base" value="1"/></parity>
      <charge>
        <integer label="base" value="-1" unit="e"/></charge>
      <halflife>
        <string label="base" value="stable" unit="s"/></halflife></lepton>
    <lepton id="e-_anti" generation="electronic">
      <mass>
        <double label="base" value="5.4857990907e-4" unit="amu"/></mass>
      <spin>
        <fraction label="base" value="1/2" unit="hbar"/></spin>
      <parity>
        <integer label="base" value="-1"/></parity>
      <charge>
        <integer label="base" value="1" unit="e"/></charge>
      <halflife>
        <string label="base" value="stable" unit="s"/></halflife></lepton>
    <lepton id="mu" generation="muonic">
      <mass>
        <double label="base" value="0.1134289267" unit="amu"/></mass>
      <spin>
        <fraction label="base" value="1/2" unit="hbar"/></spin>
      <parity>
        <integer label="base" value="1"/></parity>
      <charge>
        <integer label="base" value="-1" unit="e"/></charge>
      <halflife>
        <double label="base" value="2.1969811e-6" unit="s"/></halflife></lepton></leptons>
  <baryons>
    <baryon id="n">
      <mass>
        <double label="base" value="1.00866491588" unit="amu"/></mass>
      <spin>
        <fraction label="base" value="1/2" unit="hbar"/></spin>
      <parity>
        <integer label="base" value="1"/></parity>
      <charge>
        <integer label="base" value="0" unit="e"/></charge>
      <halflife>
        <double label="base" value="881.5" unit="s"/></halflife></baryon>
    <baryon id="n_anti">
      <mass>
        <double label="base" value="1.00866491588" unit="amu"/></mass>
      <spin>
        <fraction label="base" value="1/2" unit="hbar"/></spin>
      <parity>
        <integer label="base" value="1"/></parity>
      <charge>
        <integer label="base" value="0" unit="e"/></charge>
      <halflife>
        <double label="base" value="881.5" unit="s"/></halflife></baryon>
    <baryon id="p">
      <mass>
        <double label="base" value="1.00727646681" unit="amu"/></mass>
      <spin>
        <fraction label="base" value="1/2" unit="hbar"/></spin>
      <parity>
        <integer label="base" value="1"/></parity>
      <charge>
        <integer label="base" value="1" unit="e"/></charge>
      <halflife>
        <string label="base" value="stable" unit="s"/></halflife></baryon>
    <baryon id="p_anti">
      <mass>
        <double label="base" value="1.00727646681" unit="amu"/></mass>
      <spin>
        <fraction label="base" value="1/2" unit="hbar"/></spin>
      <parity>
        <integer label="base" value="1"/></parity>
      <charge>
        <integer label="base" value="1" unit="e"/></charge>
      <halflife>
        <string label="base" value="stable" unit="s"/></halflife></baryon></baryons>
  <chemicalElements>
    <chemicalElement symbol="H" Z="1" name="Hydrogen">
      <isotopes>
        <isotope symbol="H1" A="1">
          <nuclides>
            <nuclide id="H1">
              <mass>
                <double label="base" value="1.00782503207" unit="amu"/></mass>
              <nucleus id="h1" index="0">
                <mass>
                  <double label="base" value="1.00727646688" unit="amu"/></mass>
                <spin>
                  <fraction label="base" value="1/2" unit="hbar"/></spin>
                <parity>
                  <integer label="base" value="1"/></parity>
                <charge>
                  <integer label="base" value="1" unit="e"/></charge>
                <halflife>
                  <string label="base" value="stable" unit="s"/></halflife>
                <energy>
                  <double label="base" value="0." unit="keV"/></energy></nucleus></nuclide></nuclides></isotope>
        <isotope symbol="H2" A="2">
          <nuclides>
            <nuclide id="H2">
              <mass>
                <double label="base" value="2.01410177785" unit="amu"/></mass>
              <nucleus id="h2" index="0">
                <mass>
                  <double label="base" value="2.01355319775" unit="amu"/></mass>
                <parity>
                  <integer label="base" value="1"/></parity>
                <charge>
                  <integer label="base" value="1" unit="e"/></charge>
                <halflife>
                  <string label="base" value="stable" unit="s"/></halflife>
                <energy>
                  <double label="base" value="0." unit="keV"/></energy></nucleus></nuclide></nuclides></isotope>
        <isotope symbol="H3" A="3">
          <nuclides>
            <nuclide id="H3">
              <mass>
                <double label="base" value="3.01604927767" unit="amu"/></mass>
              <nucleus id="h3" index="0">
                <mass>
                  <double label="base" value="3.01550069757" unit="amu"/></mass>
                <spin>
                  <fraction label="base" value="1/2" unit="hbar"/></spin>
                <parity>
                  <integer label="base" value="1"/></parity>
                <charge>
                  <integer label="base" value="1" unit="e"/></charge>
                <halflife>
                  <double label="base" value="12.32" unit="yr"/></halflife>
                <energy>
                  <double label="base" value="0." unit="keV"/></energy></nucleus></nuclide></nuclides></isotope></isotopes></chemicalElement>
    <chemicalElement symbol="O" Z="8" name="Oxygen">
      <isotopes>
        <isotope symbol="O16" A="16">
          <nuclides>
            <nuclide id="O16">
              <mass>
                <double label="base" value="15.9949146196" unit="amu"/></mass>
              <nucleus id="o16" index="0">
                <energy>
                  <double label="base" value="0." unit="keV"/></energy></nucleus></nuclide>
            <nuclide id="O16_e1">
              <nucleus id="o16_e1" index="1">
                <energy>
                  <double label="base" value="6049.4" unit="keV"/></energy></nucleus></nuclide>
            <nuclide id="O16_e2">
              <nucleus id="o16_e2" index="2">
                <energy>
                  <double label="base" value="6129.893" unit="keV"/></energy></nucleus></nuclide>
            <nuclide id="O16_e3">
              <nucleus id="o16_e3" index="3">
                <energy>
                  <double label="base" value="6917.1" unit="keV"/></energy></nucleus></nuclide></nuclides></isotope>
        <isotope symbol="O17" A="17">
          <nuclides>
            <nuclide id="O17">
              <mass>
                <double label="base" value="15.9949146196" unit="amu"/></mass>
              <nucleus id="o17" index="0">
                <energy>
                  <double label="base" value="0." unit="keV"/></energy></nucleus></nuclide>
            <nuclide id="O17_e1">
              <nucleus id="o17_e1" index="1">
                <energy>
                  <double label="base" value="6049.4" unit="keV"/></energy></nucleus></nuclide>
            <nuclide id="O17_e2">
              <nucleus id="o17_e2" index="2">
                <energy>
                  <double label="base" value="6129.893" unit="keV"/></energy></nucleus></nuclide>
            <nuclide id="O17_e3">
              <nucleus id="o17_e3" index="3">
                <energy>
                  <double label="base" value="6917.1" unit="keV"/></energy></nucleus></nuclide></nuclides></isotope></isotopes></chemicalElement>
    <chemicalElement symbol="Am" Z="95" name="Americium">
      <isotopes>
        <isotope symbol="Am242" A="242">
          <nuclides>
            <nuclide id="Am242">
              <mass>
                <double label="base" value="242.059549159" unit="amu"/></mass>
              <nucleus id="am242" index="0">
                <spin>
                  <fraction label="base" value="1" unit="hbar"/></spin>
                <parity>
                  <integer label="base" value="-1"/></parity>
                <halflife>
                  <double label="base" value="16.02" unit="h"/></halflife>
                <energy>
                  <double label="base" value="0." unit="keV"/></energy></nucleus></nuclide>
            <nuclide id="Am242_e1">
              <nucleus id="am242_e1" index="1">
                <spin>
                  <fraction label="base" value="0" unit="hbar"/></spin>
                <parity>
                  <integer label="base" value="-1"/></parity>
                <energy>
                  <double label="base" value="44.092" unit="keV"/></energy></nucleus></nuclide>
            <nuclide id="Am242_e2">
              <nucleus id="am242_e2" index="2">
                <spin>
                  <fraction label="base" value="5" unit="hbar"/></spin>
                <parity>
                  <integer label="base" value="-1"/></parity>
                <halflife>
                  <double label="base" value="141." unit="yr"/></halflife>
                <energy>
                  <double label="base" value="48.6" unit="keV"/></energy></nucleus></nuclide>
            <nuclide id="Am242_e3">
              <nucleus id="am242_e3" index="3">
                <spin>
                  <fraction label="base" value="3" unit="hbar"/></spin>
                <parity>
                  <integer label="base" value="-1"/></parity>
                <energy>
                  <double label="base" value="52.7" unit="keV"/></energy></nucleus></nuclide></nuclides></isotope></isotopes></chemicalElement></chemicalElements></PoPs>
