<PoPs name="test" version="1.2.3" format="0.1">
  <aliases>
    <metaStable id="Am242_m1" pid="Am242_e2" metaStableIndex="1"/>
    <alias id="electron" pid="e-"/>
    <alias id="e+" pid="e-_anti"/>
    <alias id="positron" pid="e-_anti"/></aliases>
  <gaugeBosons>
    <gaugeBoson id="photon">
      <mass>
        <double label="base" value="0." unit="amu"/></mass>
      <spin>
        <fraction label="base" value="1" unit="hbar"/></spin>
      <parity>
        <integer label="base" value="1"/></parity>
      <charge>
        <integer label="base" value="0" unit="e"/></charge>
      <halflife>
        <string label="base" value="stable" unit="s"/></halflife></gaugeBoson></gaugeBosons>
  <leptons>
    <lepton id="e-" generation="electronic">
      <mass>
        <double label="base" value="5.4857990907e-4" unit="amu"/></mass>
      <spin>
        <fraction label="base" value="1/2" unit="hbar"/></spin>
      <parity>
        <integer label="base" value="1"/></parity>
      <charge>
        <integer label="base" value="-1" unit="e"/></charge>
      <halflife>
        <string label="base" value="stable" unit="s"/></halflife></lepton>
    <lepton id="e-_anti" generation="electronic">
      <mass>
        <double label="base" value="5.4857990907e-4" unit="amu"/></mass>
      <spin>
        <fraction label="base" value="1/2" unit="hbar"/></spin>
      <parity>
        <integer label="base" value="-1"/></parity>
      <charge>
        <integer label="base" value="1" unit="e"/></charge>
      <halflife>
        <string label="base" value="stable" unit="s"/></halflife></lepton>
    <lepton id="mu" generation="muonic">
      <mass>
        <double label="base" value="0.1134289267" unit="amu"/></mass>
      <spin>
        <fraction label="base" value="1/2" unit="hbar"/></spin>
      <parity>
        <integer label="base" value="1"/></parity>
      <charge>
        <integer label="base" value="-1" unit="e"/></charge>
      <halflife>
        <double label="base" value="2.1969811e-6" unit="s"/></halflife></lepton></leptons>
  <baryons>
    <baryon id="n">
      <mass>
        <double label="base" value="1.00866491588" unit="amu"/></mass>
      <spin>
        <fraction label="base" value="1/2" unit="hbar"/></spin>
      <parity>
        <integer label="base" value="1"/></parity>
      <charge>
        <integer label="base" value="0" unit="e"/></charge>
      <halflife>
        <double label="base" value="881.5" unit="s"/></halflife></baryon>
    <baryon id="n_anti">
      <mass>
        <double label="base" value="1.00866491588" unit="amu"/></mass>
      <spin>
        <fraction label="base" value="1/2" unit="hbar"/></spin>
      <parity>
        <integer label="base" value="1"/></parity>
      <charge>
        <integer label="base" value="0" unit="e"/></charge>
      <halflife>
        <double label="base" value="881.5" unit="s"/></halflife></baryon>
    <baryon id="p">
      <mass>
        <double label="base" value="1.00727646681" unit="amu"/></mass>
      <spin>
        <fraction label="base" value="1/2" unit="hbar"/></spin>
      <parity>
        <integer label="base" value="1"/></parity>
      <charge>
        <integer label="base" value="1" unit="e"/></charge>
      <halflife>
        <string label="base" value="stable" unit="s"/></halflife></baryon>
    <baryon id="p_anti">
      <mass>
        <double label="base" value="1.00727646681" unit="amu"/></mass>
      <spin>
        <fraction label="base" value="1/2" unit="hbar"/></spin>
      <parity>
        <integer label="base" value="1"/></parity>
      <charge>
        <integer label="base" value="1" unit="e"/></charge>
      <halflife>
        <string label="base" value="stable" unit="s"/></halflife></baryon></baryons>
  <chemicalElements>
    <chemicalElement symbol="O" Z="8" name="Oxygen">
      <isotopes>
        <isotope symbol="O16" A="16">
          <nuclides>
            <nuclide id="O16">
              <mass>
                <double label="base" value="15.9949146196" unit="amu"/></mass>
              <nucleus id="o16" index="0">
                <energy>
                  <double label="base" value="0." unit="keV"/></energy></nucleus></nuclide>
            <nuclide id="O16_e1">
              <nucleus id="o16_e1" index="1">
                <energy>
                  <double label="base" value="6049.4" unit="keV"/></energy></nucleus></nuclide>
            <nuclide id="O16_e2">
              <nucleus id="o16_e2" index="2">
                <energy>
                  <double label="base" value="6129.893" unit="keV"/></energy></nucleus></nuclide>
            <nuclide id="O16_e3">
              <nucleus id="o16_e3" index="3">
                <energy>
                  <double label="base" value="6917.1" unit="keV"/></energy></nucleus></nuclide></nuclides></isotope>
        <isotope symbol="O17" A="17">
          <nuclides>
            <nuclide id="O17">
              <mass>
                <double label="base" value="15.9949146196" unit="amu"/></mass>
              <nucleus id="o17" index="0">
                <energy>
                  <double label="base" value="0." unit="keV"/></energy></nucleus></nuclide>
            <nuclide id="O17_e1">
              <nucleus id="o17_e1" index="1">
                <energy>
                  <double label="base" value="6049.4" unit="keV"/></energy></nucleus></nuclide>
            <nuclide id="O17_e2">
              <nucleus id="o17_e2" index="2">
                <energy>
                  <double label="base" value="6129.893" unit="keV"/></energy></nucleus></nuclide>
            <nuclide id="O17_e3">
              <nucleus id="o17_e3" index="3">
                <energy>
                  <double label="base" value="6917.1" unit="keV"/></energy></nucleus></nuclide></nuclides></isotope></isotopes></chemicalElement>
    <chemicalElement symbol="Am" Z="95" name="Americium">
      <isotopes>
        <isotope symbol="Am242" A="242">
          <nuclides>
            <nuclide id="Am242">
              <mass>
                <double label="base" value="242.059549159" unit="amu"/></mass>
              <spin>
                <fraction label="base" value="1" unit="hbar"/></spin>
              <parity>
                <integer label="base" value="-1"/></parity>
              <halflife>
                <double label="base" value="16.02" unit="h"/></halflife>
              <nucleus id="am242" index="0">
                <energy>
                  <double label="base" value="0." unit="keV"/></energy></nucleus></nuclide>
            <nuclide id="Am242_e1">
              <spin>
                <fraction label="base" value="0" unit="hbar"/></spin>
              <parity>
                <integer label="base" value="-1"/></parity>
              <nucleus id="am242_e1" index="1">
                <energy>
                  <double label="base" value="44.092" unit="keV"/></energy></nucleus></nuclide>
            <nuclide id="Am242_e2">
              <spin>
                <fraction label="base" value="5" unit="hbar"/></spin>
              <parity>
                <integer label="base" value="-1"/></parity>
              <halflife>
                <double label="base" value="141." unit="yr"/></halflife>
              <nucleus id="am242_e2" index="2">
                <energy>
                  <double label="base" value="48.6" unit="keV"/></energy></nucleus></nuclide>
            <nuclide id="Am242_e3">
              <spin>
                <fraction label="base" value="3" unit="hbar"/></spin>
              <parity>
                <integer label="base" value="-1"/></parity>
              <nucleus id="am242_e3" index="3">
                <energy>
                  <double label="base" value="52.7" unit="keV"/></energy></nucleus></nuclide></nuclides></isotope></isotopes></chemicalElement></chemicalElements></PoPs>
