<gaugeBoson id="photon">
  <mass>
    <double label="base" value="0." unit="amu"/></mass>
  <spin>
    <fraction label="base" value="1" unit="hbar"/></spin>
  <parity>
    <integer label="base" value="1"/></parity>
  <charge>
    <integer label="base" value="0" unit="e"/></charge>
  <halflife>
    <double label="base" value="1.e100" unit="s"/></halflife></gaugeBoson>

<gaugeBosons>
  <gaugeBoson id="photon">
    <mass>
      <double label="base" value="0." unit="amu"/></mass>
    <spin>
      <fraction label="base" value="1" unit="hbar"/></spin>
    <parity>
      <integer label="base" value="1"/></parity>
    <charge>
      <integer label="base" value="0" unit="e"/></charge>
    <halflife>
      <double label="base" value="1.e100" unit="s"/></halflife></gaugeBoson></gaugeBosons>
