('e-', '', '')
('e-', '_anti', '')
('O', '', '')
('O', '_anti', '')
('O', '', 'abc')
('O', '_anti', 'abc')
('O16', '', '')
('O16', '_anti', '')
('O16', '', 'abc')
('O16', '_anti', 'abc')
