<nuclide id="O16_e3">
  <mass>
    <double label="base" value="15.9949146196" unit="amu"/></mass>
  <spin>
    <fraction label="base" value="5/2" unit="hbar"/></spin>
  <parity>
    <integer label="base" value="1"/></parity>
  <charge>
    <integer label="base" value="0" unit="e"/></charge>
  <halflife>
    <double label="base" value="1.e100" unit="s"/></halflife>
  <nucleus id="o16_e3" index="3">
    <energy>
      <double label="base" value="6.9171e6" unit="eV"/></energy></nucleus></nuclide>
15.99491461956 amu
15.99491461956 amu
14899.16852086884 MeV/c**2
14899.16852086884 MeV/c**2
14899.1685209
14899.1685209
