============== MASS ==============
<double label="atomic" value="2.12" unit="amu"/>

<mass>
  <double label="atomic" value="2.12" unit="amu"/>
  <double label="nuclear" value="2." unit="amu"/></mass>

============== CHARGE ==============
<integer label="nucleus" value="3" unit="e"/>

<charge>
  <integer label="nucleus" value="3" unit="e"/></charge>

============== HALFLIFE ==============
<double label="nucleus" value="3.14e6" unit="d"/>

<halflife>
  <double label="nucleus" value="3.14e6" unit="d"/></halflife>

3.14e6 d
3.14e6 d
2.71296e11 s
2.71296e11

<halflife>
  <string label="nucleus" value="stable" unit="s"/></halflife>

============== SPIN ==============
<fraction label="nucleus" value="5/2" unit="hbar"/>

<spin>
  <fraction label="nucleus" value="5/2" unit="hbar"/></spin>

============== PARITY ==============
<integer label="nucleus" value="-1"/>

<parity>
  <integer label="nucleus" value="-1"/></parity>
